>pipelines/AmpliconNoise//output_s60_c01_T220_s30_c08_0_55
TCCACGCCGTAAACGATGGATGCTAGCCGTTAGGCAGCTTGCTGCTTAGTGGCGCAGCTAACGCTTTAAGCATCCCGCCTGGGGAGTACGGTCGCAAGATTAAAACTCAAAGGAATTGACGGGGGCCCGCACAAGCGGTGGAGCATGTGGTTTAATTCGAAGCAACGCGCAGAACCTTACCAGCTTTTGACATGTCCTGGACG
>pipelines/AmpliconNoise//output_s60_c01_T220_s30_c08_1_181
TCCACGCCGTAAACGATGGATGCTAGCCGTTAGGCAGCTTGCTGCTTAGTGGCGCAGCTAACGCTTTAAGCATCCCGCCTGGGGAGTACGGTCGCAAGATTAAAACTCAAAGGAATTGACGGGGGCCCGCACAAGCGGTGGAGCATGTGGTTTAATTCGAAGCAACGCGCAGAACCTTACCAGCTTTTGACATGTCCTGGACG
>pipelines/AmpliconNoise//output_s60_c01_T220_s30_c08_2_14
TCCACGCCGTAAACGATGAATGCTAGCCGTTGGCAAGCTTGCTTGTCAGTGGCGCAGCTAACGCTTTAAGCATTCCGCCTGGGGAGTACGGTCGCAAGATTAAAACTCAAAGGAATTGACGGGGGCCCGCACAAGCGGTGGAGCATGTGGTTTAATTCGAAGCAACGCGCAGAACCTTACCAGCTTTTGACATGTCCGGTTTG
>pipelines/AmpliconNoise//output_s60_c01_T220_s30_c08_3_17
TCCACGCCGTAAACGATGAATGCTAGCCGTTGGCAAGCTTGCTTGTCAGTGGCGCAGCTAACGCTTTAAGCATTCCGCCTGGGGAGTACGGTCGCAAGATTAAAACTCAAAGGAATTGACGGGGGCCCGCACAAGCGGTGGAGCATGTGGTTTAATTCGAAGCAACGCGCAGAACCTTACCAGCTTTTGACATGTCCGGTTTG
>pipelines/AmpliconNoise//output_s60_c01_T220_s30_c08_4_14
TCCACGCCGTAAACGATGAATGCTAGCCGTTGGCAAGCTTGCTTGTCAGTGGCGCAGCTAACGCTTTAAGCATTCCGCCTGGGGAGTACGGTCGCAAGATTAAAACTCAAAGGAATTGACGGGGGCCCGCACAAGCGGTGGAGCATGTGGTTTAATTCGAAGCAACGCGCAGAACCTTACCAGCTTTTGACATGTCCGGTTTG
>pipelines/AmpliconNoise//output_s60_c01_T220_s30_c08_5_21
TCCACGCCGTAAACGATGAATGCTAGCCGTTGGCAAGCTTGCTTGTCAGTGGCGCAGCTAACGCTTTAAGCATTCCGCCTGGGGAGTACGGTCGCAAGATTAAAACTCAAAGGAATTGACGGGGGCCCGCACAAGCGGTGGAGCATGTGGTTTAATTCGAAGCAACGCGCAGAACCTTACCAGCTTTTGACATGTCCGGTTTG
>pipelines/AmpliconNoise//output_s60_c01_T220_s30_c08_6_329
TCCACGCCGTAAACTATGGAAGCTAGCCGTCAGTCAGCTTGCTGAGTGGTGGCGCAGCTAACGCATTAAGCTTCCCGCCTGGGGAGTACGGTCGCAAGATTAAAACTCAAAGGAATTGACGGGGGCCCGCACAAGCGGTGGAGCATGTGGTTTAATTCGAAGCAACGCGCAGAACCTTACCTACCCTTGACATGTCCAGTATG
>pipelines/AmpliconNoise//output_s60_c01_T220_s30_c08_7_234
TCCACGCCGTAAACTATGGAAGCTAGCCGTCAGTCAGCTTGCTGAGTGGTGGCGCAGCTAACGCATTAAGCTTCCCGCCTGGGGAGTACGGTCGCAAGATTAAAACTCAAAGGAATTGACGGGGGCCCGCACAAGCGGTGGAGCATGTGGTTTAATTCGAAGCAACGCGCAGAACCTTACCTACCCTTGACATGTCCAGTATG
>pipelines/AmpliconNoise//output_s60_c01_T220_s30_c08_8_31
TCCACGCCGTAAACGATGATAACTAGCTGTCCGGGCACTTGGTGTCTGGGTGGCGCAGCTAACGCATTAAGTTATCCGCCTGGGGAGTACGGTCGCAAGATTAAAACTCAAAGGAATTGACGGGGGCCTGCACAAGCGGTGGAGCATGTGGTTTAATTCGAAGCAACGCGCAGAACCTTACCAGCGTTTGACATCCCGCGCTA
>pipelines/AmpliconNoise//output_s60_c01_T220_s30_c08_9_65
TCCACGCCGTAAACGATGATAACTAGCTGTCCGGGCACTTGGTGTCTGGGTGGCGCAGCTAACGCATTAAGTTATCCGCCTGGGGAGTACGGTCGCAAGATTAAAACTCAAAGGAATTGACGGGGGCCTGCACAAGCGGTGGAGCATGTGGTTTAATTCGAAGCAACGCGCAGAACCTTACCAGCGTTTGACATCCCGCGCTA
>pipelines/AmpliconNoise//output_s60_c01_T220_s30_c08_10_1
TCCACGCCGTAAACGATGTCAACTAGCTGTTGGTCTTATGAATAAGATTAGTGGCGCAGCTAACGCGATAAGTTGACCGCCTGGGGAGTACGGTCGCAAGATTAAAACTCAAAGGAATTGACGGGGACCCGCACAAGCGGTGGAGTATGTGGTTTAATTCGAAGCAACGCGCAGAACCTTACCAACCCTTGACATGGGACATA
>pipelines/AmpliconNoise//output_s60_c01_T220_s30_c08_11_150
TCCACACTGTAAACGATGATTATTAGATGTCGGGGGGGTTACCCTTCGGTATCGCAGCTAACGCATTAAATAATCCGCCTGGGGAGTACGGTCGCAAGATTAAAACTCAAAGGAATTGACGGGGACCCGCACAAGCGGTGGAGTATGTGGTTTAATTCGAAGCAACGCGCAGAACCTTACCAACCCTTGACATGGGACGTATG
>pipelines/AmpliconNoise//output_s60_c01_T220_s30_c08_12_141
TCCACACTGTAAACGATGATTATTAGATGTCGGGGGGGTTACCCTTCGGTATCGCAGCTAACGCATTAAATAATCCGCCTGGGGAGTACGGTCGCAAGATTAAAACTCAAAGGAATTGACGGGGACCCGCACAAGCGGTGGAGTATGTGGTTTAATTCGAAGCAACGCGCAGAACCTTACCAACCCTTGACATGGGACGTATG
>pipelines/AmpliconNoise//output_s60_c01_T220_s30_c08_13_90
TCCACACTGTAAACGATGATTATTAGATGTCGGGGGGGTTACCCTTCGGTATCGCAGCTAACGCATTAAATAATCCGCCTGGGGAGTACGGTCGCAAGATTAAAACTCAAAGGAATTGACGGGGACCCGCACAAGCGGTGGAGTATGTGGTTTAATTCGAAGCAACGCGCAGAACCTTACCAACCCTTGACATGGGACGTATG
>pipelines/AmpliconNoise//output_s60_c01_T220_s30_c08_14_223
TCCACGCTGTAAACGATGATTATTAGATGTCGGGAGGGTTACCTTTCGGTATCGCAGCTAACGCATTAAATAATCCGCCTGGGGAGTACGGTCGCAAGATTAAAACTCAAAGGAATTGACGGGGACCCGCACAAGCGGTGGAGTATGTGGTTTAATTCGAAGCAACGCGCAGAACCTTACCAACCCTTGACATGGGACGTATG
>pipelines/AmpliconNoise//output_s60_c01_T220_s30_c08_15_154
TCCACGCTGTAAACGATGATTATTAGATGTCGGGAGGGTTACCTTTCGGTATCGCAGCTAACGCATTAAATAATCCGCCTGGGGAGTACGGTCGCAAGATTAAAACTCAAAGGAATTGACGGGGACCCGCACAAGCGGTGGAGTATGTGGTTTAATTCGAAGCAACGCGCAGAACCTTACCAACCCTTGACATGGGACGTATG
>pipelines/AmpliconNoise//output_s60_c01_T220_s30_c08_16_150
TCCACGCTGTAAACGATGATTATTAGATGTCGGGGGGGTTACCCTTCGGTATCGCAGCTAACGCATTAAATAATCCGCCTGGGGAGTACGGTCGCAAGATTAAAACTCAAAGGAATTGACGGGGACCCGCACAAGCGGTGGAGTATGTGGTTTAATTCGAAGCAACGCGCAGAACCTTACCAACCCTTGACATGGGACGTATG
>pipelines/AmpliconNoise//output_s60_c01_T220_s30_c08_17_222
TCCACGCTGTAAACGATGATTATTAGATGTCGGGGGGGTTACCCTTCGGTATCGCAGCTAACGCATTAAATAATCCGCCTGGGGAGTACGGTCGCAAGATTAAAACTCAAAGGAATTGACGGGGACCCGCACAAGCGGTGGAGTATGTGGTTTAATTCGAAGCAACGCGCAGAACCTTACCAACCCTTGACATGGGACGTATG
>pipelines/AmpliconNoise//output_s60_c01_T220_s30_c08_18_2
TCCACGCTGTAAACGATGATTATTAGATGTCGGGGGGGTTACCTTTCGGTATCGCAGCTAACGCATTAAATAATCCGCCTGGGGAGTACGGTCGCAAGATTAAAACTCAAAGGAATTGACGGGGACCCGCACAAGCGGTGGAGTATGTGGTTTAATTCGATGCAACGCGAAGAACCTTACCTACCCTTGACATCCAGAGAATC
